
> krishansheclat-agroxglobal-backend@1.0.0 build
> tsc

src/controllers/cart.controller.ts(25,5): error TS2740: Type '(Subdocument<ObjectId, unknown, { product: ObjectId; quantity: number; unitPrice: number; variantId?: string | null | undefined; } & DefaultTimestampProps> & { ...; } & DefaultTimestampProps)[]' is missing the following properties from type 'DocumentArray<{ product: ObjectId; quantity: number; unitPrice: number; variantId?: string | null | undefined; } & DefaultTimestampProps, Subdocument<ObjectId, unknown, { ...; } & DefaultTimestampProps> & { ...; } & DefaultTimestampProps>': isMongooseDocumentArray, create, id, $pop, and 8 more.
src/controllers/cart.controller.ts(121,7): error TS2740: Type '(Subdocument<ObjectId, unknown, { product: ObjectId; quantity: number; unitPrice: number; variantId?: string | null | undefined; } & DefaultTimestampProps> & { ...; } & DefaultTimestampProps)[]' is missing the following properties from type 'DocumentArray<{ product: ObjectId; quantity: number; unitPrice: number; variantId?: string | null | undefined; } & DefaultTimestampProps, Subdocument<ObjectId, unknown, { ...; } & DefaultTimestampProps> & { ...; } & DefaultTimestampProps>': isMongooseDocumentArray, create, id, $pop, and 8 more.
src/controllers/cart.controller.ts(157,5): error TS2740: Type '(Subdocument<ObjectId, unknown, { product: ObjectId; quantity: number; unitPrice: number; variantId?: string | null | undefined; } & DefaultTimestampProps> & { ...; } & DefaultTimestampProps)[]' is missing the following properties from type 'DocumentArray<{ product: ObjectId; quantity: number; unitPrice: number; variantId?: string | null | undefined; } & DefaultTimestampProps, Subdocument<ObjectId, unknown, { ...; } & DefaultTimestampProps> & { ...; } & DefaultTimestampProps>': isMongooseDocumentArray, create, id, $pop, and 8 more.
src/controllers/product.controller.ts(282,61): error TS2339: Property '_id' does not exist on type '(Document<unknown, {}, { name: string; status: "ACTIVE" | "INACTIVE" | "OUT_OF_STOCK" | "DISCONTINUED" | "DRAFT"; sku: string; stockQuantity: number; slug: string; basePrice: number; discountPercent: number; ... 33 more ...; publishedAt?: NativeDate | ... 1 more ... | undefined; } & DefaultTimestampProps, { ...; }, ...'.
